// Jest Snapshot v1, https://goo.gl/fbAQLP

exports[`should render EditExpensePage component correctly 1`] = `
<div>
  <ExpenseForm
    expense={
      Object {
        "amount": 8000,
        "createdAt": 345600000,
        "description": "ComEd",
        "id": "3",
        "note": "",
      }
    }
    onSubmit={[Function]}
  />
  <button
    onClick={[Function]}
  >
    REMOVE
  </button>
</div>
`;
