// Jest Snapshot v1, https://goo.gl/fbAQLP

exports[`should render ExpenseList with empty message 1`] = `
<div>
  <p>
    There are no expenses
  </p>
</div>
`;

exports[`should render ExpenseList with expenses 1`] = `
<div>
  <ExpenseListItem
    amount={195}
    createdAt={0}
    description="Gum"
    id="1"
    key="1"
    note=""
  />
  <ExpenseListItem
    amount={11500}
    createdAt={-345600000}
    description="Phone Bill"
    id="2"
    key="2"
    note=""
  />
  <ExpenseListItem
    amount={8000}
    createdAt={345600000}
    description="ComEd"
    id="3"
    key="3"
    note=""
  />
</div>
`;
